// Jest Snapshot v1, https://goo.gl/fbAQLP

exports[`shared renderFailText should match snapshot 1`] = `
<p
  className="MuiFormHelperText-root-1"
>
  fail
</p>
`;
