// Jest Snapshot v1, https://goo.gl/fbAQLP

exports[`PaymentStartDate should render correctly, and maches snapshot 1`] = `
<div
  className="MuiFormControl-root-1"
  onBlur={[Function]}
  onFocus={[Function]}
  required={false}
  style={
    Object {
      "width": "100%",
    }
  }
>
  <div
    className="MuiFormControl-root-1 MuiFormControl-marginNormal-2"
    onBlur={[Function]}
    onFocus={[Function]}
    required={false}
  >
    <label
      className="MuiFormLabel-root-11 MuiInputLabel-root-5 MuiInputLabel-formControl-6 MuiInputLabel-animated-9"
      data-shrink={false}
      htmlFor={undefined}
    >
      Payment Start Date
    </label>
    <div
      className="MuiInput-root-20 MuiInput-formControl-21 MuiInput-inkbar-22 MuiInput-underline-28"
      onBlur={[Function]}
      onFocus={[Function]}
    >
      <div
        className="MuiSelect-root-15"
      >
        <select
          autoComplete={undefined}
          autoFocus={undefined}
          className="MuiSelect-select-16 MuiInput-input-24 MuiInput-inputSingleline-31"
          defaultValue={undefined}
          disabled={false}
          id={undefined}
          name={undefined}
          onBlur={undefined}
          onChange={[Function]}
          onFocus={undefined}
          onKeyDown={undefined}
          onKeyUp={undefined}
          placeholder={undefined}
          readOnly={undefined}
          required={undefined}
          rows={undefined}
          type="text"
          value={undefined}
        >
          <option
            value={-1}
          >
             
          </option>
          <option
            value="10"
          >
            1st November - 30th November, 2017
          </option>
          <option
            value="11"
          >
            1st December - 31st December, 2017
          </option>
          <option
            value="0"
          >
            1st January - 31st January, 2018
          </option>
          <option
            value="1"
          >
            1st February - 28th February, 2018
          </option>
          <option
            value="2"
          >
            1st March - 31st March, 2018
          </option>
          <option
            value="3"
          >
            1st April - 30th April, 2018
          </option>
          <option
            value="4"
          >
            1st May - 31st May, 2018
          </option>
          <option
            value="5"
          >
            1st June - 30th June, 2018
          </option>
          <option
            value="6"
          >
            1st July - 31st July, 2018
          </option>
          <option
            value="7"
          >
            1st August - 31st August, 2018
          </option>
          <option
            value="8"
          >
            1st September - 30th September, 2018
          </option>
          <option
            value="9"
          >
            1st October - 31st October, 2018
          </option>
        </select>
        <svg
          aria-hidden="true"
          className="MuiSvgIcon-root-35 MuiSelect-icon-19"
          focusable="false"
          viewBox="0 0 24 24"
        >
          <path
            d="M7 10l5 5 5-5z"
          />
        </svg>
      </div>
    </div>
  </div>
</div>
`;
